warning: nancy v0.1.0 (/home/craig/nancy/worktrees/implement) ignoring invalid dependency `web` which is missing a lib target
   Compiling nancy v0.1.0 (/home/craig/nancy/worktrees/implement)
error: #[derive(RustEmbed)] folder '/home/craig/nancy/worktrees/implement/src/web/site/' does not exist. cwd: '/home/craig/nancy/worktrees/implement'
  --> src/coordinator/web.rs:11:1
   |
11 | / #[folder = "src/web/...
12 | | struct WebAssets;
   | |_________________^

warning: unused import: `std::time::Duration`
 --> src/llm/client.rs:8:5
  |
8 | use std::time::Duration;
  |     ^^^^^^^^^^^^^^^^^^^
  |
  = note: `#[warn(unused_imports)]` (part of `#[warn(unused)]`) on by default

warning: unused imports: `AssignmentCompletePayload` and `BlockedByPayload`
   --> src/coordinator/workflow.rs:174:9
    |
174 | ...   AssignmentCompletePayload, BlockedByPayload, T...
    |       ^^^^^^^^^^^^^^^^^^^^^^^^^  ^^^^^^^^^^^^^^^^
    |
    = note: `#[warn(unused_imports)]` (part of `#[warn(unused)]`) on by default

warning: unused import: `sealed_test::prelude::*`
   --> src/coordinator/workflow.rs:176:9
    |
176 | ...se sealed_test::prelude::*;
    |       ^^^^^^^^^^^^^^^^^^^^^^^

warning: unused import: `std::time::Duration`
 --> src/llm/client.rs:8:5
  |
8 | use std::time::Duration;
  |     ^^^^^^^^^^^^^^^^^^^

error[E0599]: no function or associated item named `get` found for struct `WebAssets` in the current scope
  --> src/coordinator/web.rs:24:22
   |
12 | struct WebAssets;
   | ---------------- function or associated item `get` not found for this struct
...
24 |     match WebAssets::get(pa...
   |                      ^^^ function or associated item not found in `WebAssets`
   |
   = help: items from traits can only be used if the trait is implemented and in scope
   = note: the following traits define an item `get`, perhaps you need to implement one of them:
           candidate #1: `Embed`
           candidate #2: `FallibleStreamingIterator`
           candidate #3: `SliceIndex`
           candidate #4: `bitvec::slice::api::BitSliceIndex`
           candidate #5: `icu_collections::codepointtrie::cptrie::TypedCodePointTrie`
           candidate #6: `icu_properties::names::PropertyEnumToValueNameLookup`
           candidate #7: `icu_provider::baked::DataStore`
           candidate #8: `rustls::server::server_conn::StoresServerSessions`

error[E0599]: no function or associated item named `get` found for struct `WebAssets` in the current scope
  --> src/coordinator/web.rs:31:30
   |
12 | struct WebAssets;
   | ---------------- function or associated item `get` not found for this struct
...
31 |             match WebAssets::get("i...
   |                              ^^^ function or associated item not found in `WebAssets`
   |
   = help: items from traits can only be used if the trait is implemented and in scope
   = note: the following traits define an item `get`, perhaps you need to implement one of them:
           candidate #1: `Embed`
           candidate #2: `FallibleStreamingIterator`
           candidate #3: `SliceIndex`
           candidate #4: `bitvec::slice::api::BitSliceIndex`
           candidate #5: `icu_collections::codepointtrie::cptrie::TypedCodePointTrie`
           candidate #6: `icu_properties::names::PropertyEnumToValueNameLookup`
           candidate #7: `icu_provider::baked::DataStore`
           candidate #8: `rustls::server::server_conn::StoresServerSessions`

error[E0599]: no function or associated item named `get` found for struct `WebAssets` in the current scope
  --> src/coordinator/web.rs:24:22
   |
12 | struct WebAssets;
   | ---------------- function or associated item `get` not found for this struct
...
24 |     match WebAssets::get(pa...
   |                      ^^^ function or associated item not found in `WebAssets`
   |
   = help: items from traits can only be used if the trait is implemented and in scope
   = note: the following traits define an item `get`, perhaps you need to implement one of them:
           candidate #1: `Embed`
           candidate #2: `FallibleStreamingIterator`
           candidate #3: `ResultCache`
           candidate #4: `SliceIndex`
           candidate #5: `bitvec::slice::api::BitSliceIndex`
           candidate #6: `icu_collections::codepointtrie::cptrie::TypedCodePointTrie`
           candidate #7: `icu_properties::names::PropertyEnumToValueNameLookup`
           candidate #8: `icu_provider::baked::DataStore`
           candidate #9: `rustls::server::server_conn::StoresServerSessions`

error[E0599]: no function or associated item named `get` found for struct `WebAssets` in the current scope
  --> src/coordinator/web.rs:31:30
   |
12 | struct WebAssets;
   | ---------------- function or associated item `get` not found for this struct
...
31 |             match WebAssets::get("i...
   |                              ^^^ function or associated item not found in `WebAssets`
   |
   = help: items from traits can only be used if the trait is implemented and in scope
   = note: the following traits define an item `get`, perhaps you need to implement one of them:
           candidate #1: `Embed`
           candidate #2: `FallibleStreamingIterator`
           candidate #3: `ResultCache`
           candidate #4: `SliceIndex`
           candidate #5: `bitvec::slice::api::BitSliceIndex`
           candidate #6: `icu_collections::codepointtrie::cptrie::TypedCodePointTrie`
           candidate #7: `icu_properties::names::PropertyEnumToValueNameLookup`
           candidate #8: `icu_provider::baked::DataStore`
           candidate #9: `rustls::server::server_conn::StoresServerSessions`

error[E0599]: no function or associated item named `get` found for struct `WebAssets` in the current scope
   --> src/coordinator/web.rs:640:20
    |
 12 | struct WebAssets;
    | ---------------- function or associated item `get` not found for this struct
...
640 |         WebAssets::get("i...
    |                    ^^^ function or associated item not found in `WebAssets`
    |
    = help: items from traits can only be used if the trait is implemented and in scope
    = note: the following traits define an item `get`, perhaps you need to implement one of them:
            candidate #1: `Embed`
            candidate #2: `FallibleStreamingIterator`
            candidate #3: `SliceIndex`
            candidate #4: `bitvec::slice::api::BitSliceIndex`
            candidate #5: `icu_collections::codepointtrie::cptrie::TypedCodePointTrie`
            candidate #6: `icu_properties::names::PropertyEnumToValueNameLookup`
            candidate #7: `icu_provider::baked::DataStore`
            candidate #8: `rustls::server::server_conn::StoresServerSessions`

error[E0599]: no function or associated item named `get` found for struct `WebAssets` in the current scope
   --> src/coordinator/web.rs:640:20
    |
 12 | struct WebAssets;
    | ---------------- function or associated item `get` not found for this struct
...
640 |         WebAssets::get("i...
    |                    ^^^ function or associated item not found in `WebAssets`
    |
    = help: items from traits can only be used if the trait is implemented and in scope
    = note: the following traits define an item `get`, perhaps you need to implement one of them:
            candidate #1: `Embed`
            candidate #2: `FallibleStreamingIterator`
            candidate #3: `ResultCache`
            candidate #4: `SliceIndex`
            candidate #5: `bitvec::slice::api::BitSliceIndex`
            candidate #6: `icu_collections::codepointtrie::cptrie::TypedCodePointTrie`
            candidate #7: `icu_properties::names::PropertyEnumToValueNameLookup`
            candidate #8: `icu_provider::baked::DataStore`
            candidate #9: `rustls::server::server_conn::StoresServerSessions`

warning: unused variable: `repo`
   --> src/grind/execute_task.rs:404:5
    |
404 |     repo: &crate:...
    |     ^^^^ help: if this is intentional, prefix it with an underscore: `_repo`
    |
    = note: `#[warn(unused_variables)]` (part of `#[warn(unused)]`) on by default

warning: unused variable: `default_fields`
   --> src/coordinator/appview.rs:574:13
    |
574 | ...et default_fields = ...
    |       ^^^^^^^^^^^^^^ help: if this is intentional, prefix it with an underscore: `_default_fields`

warning: unused variable: `repo`
   --> src/coordinator/workflow.rs:183:13
    |
183 | ...et repo = &_tr...
    |       ^^^^ help: if this is intentional, prefix it with an underscore: `_repo`

warning: unused variable: `repo`
   --> src/coordinator/workflow.rs:256:13
    |
256 | ...et repo = &_tr...
    |       ^^^^ help: if this is intentional, prefix it with an underscore: `_repo`

warning: unused variable: `repo`
   --> src/coordinator/workflow.rs:306:13
    |
306 | ...et repo = &_tr...
    |       ^^^^ help: if this is intentional, prefix it with an underscore: `_repo`

warning: unused variable: `repo`
   --> src/dreamer/task_view.rs:236:13
    |
236 | ...et repo = git2...
    |       ^^^^ help: if this is intentional, prefix it with an underscore: `_repo`

warning: unused variable: `repo`
   --> src/dreamer/task_view.rs:294:13
    |
294 | ...et repo = git2...
    |       ^^^^ help: if this is intentional, prefix it with an underscore: `_repo`

warning: unused variable: `repo`
  --> src/dreamer/mod.rs:63:13
   |
63 | ... let repo = git...
   |         ^^^^ help: if this is intentional, prefix it with an underscore: `_repo`

warning: unused variable: `repo`
   --> src/eval/mod.rs:250:13
    |
250 | ...et repo = &_tr...
    |       ^^^^ help: if this is intentional, prefix it with an underscore: `_repo`

warning: variable does not need to be mutable
   --> src/events/writer.rs:324:13
    |
324 | ...et mut writer2 = ...
    |       ----^^^^^^^
    |       |
    |       help: remove this `mut`
    |
    = note: `#[warn(unused_mut)]` (part of `#[warn(unused)]`) on by default

warning: unused variable: `repo_path2`
  --> src/git/tests.rs:56:9
   |
56 | ...et repo_path2 = ...
   |       ^^^^^^^^^^ help: if this is intentional, prefix it with an underscore: `_repo_path2`

For more information about this error, try `rustc --explain E0599`.
warning: unused variable: `branch`
   --> src/git/tests.rs:118:9
    |
118 | ...et branch = re...
    |       ^^^^^^ help: if this is intentional, prefix it with an underscore: `_branch`

warning: `nancy` (lib) generated 2 warnings
error: could not compile `nancy` (lib) due to 4 previous errors; 2 warnings emitted
warning: build failed, waiting for other jobs to finish...
warning: unused variable: `repo`
   --> src/grind/execute_task.rs:847:13
    |
847 | ...et repo = &_tr...
    |       ^^^^ help: if this is intentional, prefix it with an underscore: `_repo`

warning: unused variable: `repo`
   --> src/llm/client.rs:684:13
    |
684 | ...et repo = git2...
    |       ^^^^ help: if this is intentional, prefix it with an underscore: `_repo`

warning: unused variable: `repo`
  --> src/tasks/manager.rs:78:13
   |
78 | ... let repo = &_t...
   |         ^^^^ help: if this is intentional, prefix it with an underscore: `_repo`

warning: unused variable: `repo`
   --> src/tools/investigate.rs:275:13
    |
275 | ...et repo = git2...
    |       ^^^^ help: if this is intentional, prefix it with an underscore: `_repo`

warning: `nancy` (lib test) generated 19 warnings (1 duplicate)
error: could not compile `nancy` (lib test) due to 4 previous errors; 19 warnings emitted
